[  50/1000] whatsapp.com: ok=True
[ 100/1000] wordpress.com: ok=True
[ 150/1000] steamserver.net: ok=False
[ 200/1000] fastly-edge.com: ok=False
[ 250/1000] telegram.org: ok=True
[ 300/1000] googleblog.com: ok=True
[ 350/1000] demdex.net: ok=False
[ 400/1000] duckduckgo.com: ok=True
[ 450/1000] list-manage.com: ok=False
[ 500/1000] google.de: ok=True
[ 550/1000] deviantart.com: ok=True
[ 600/1000] googletagservices.com: ok=False
[ 650/1000] ovh.net: ok=True
[ 700/1000] wswebcdn.com: ok=False
[ 750/1000] githubusercontent.com: ok=False
[ 800/1000] washington.edu: ok=True
[ 850/1000] pexels.com: ok=True
[ 900/1000] playrix.com: ok=True
[ 950/1000] corriere.it: ok=True
[1000/1000] quizlet.com: ok=True
